---
http_interactions:
- request:
    method: get
    uri: https://api.quiverquant.com/v1/congressional-trades?limit=1
    body:
      encoding: US-ASCII
      string: ''
    headers:
      Authorization:
      - Bearer <QUIVER_API_KEY>
      User-Agent:
      - QuiverQuant-RubyClient/1.0
      Content-Type:
      - application/x-www-form-urlencoded
  response:
    status:
      code: 200
      message: OK
    headers:
      Content-Type:
      - application/json; charset=utf-8
      Content-Length:
      - '389'
      Server:
      - nginx/1.18.0
      Date:
      - Fri, 21 Sep 2024 17:30:08 GMT
    body:
      encoding: UTF-8
      string: |
        {
          "data": [
            {
              "ticker": "CRM",
              "company": "Salesforce Inc.",
              "trader_name": "Maria Garcia",
              "trader_source": "congress",
              "transaction_date": "2024-01-20",
              "transaction_type": "Sale",
              "trade_size_usd": "$1,000 - $15,000",
              "disclosed_at": "2024-01-25T15:20:00Z"
            }
          ]
        }
  recorded_at: Fri, 21 Sep 2024 17:30:08 GMT
- request:
    method: get
    uri: https://api.quiverquant.com/v1/congressional-trades?limit=1
    body:
      encoding: US-ASCII
      string: ''
    headers:
      Authorization:
      - Bearer <QUIVER_API_KEY>
      User-Agent:
      - QuiverQuant-RubyClient/1.0
      Content-Type:
      - application/x-www-form-urlencoded
  response:
    status:
      code: 200
      message: OK
    headers:
      Content-Type:
      - application/json; charset=utf-8
      Content-Length:
      - '389'
      Server:
      - nginx/1.18.0
      Date:
      - Fri, 21 Sep 2024 17:30:09 GMT
    body:
      encoding: UTF-8
      string: |
        {
          "data": [
            {
              "ticker": "PYPL",
              "company": "PayPal Holdings Inc.",
              "trader_name": "Thomas Anderson",
              "trader_source": "congress",
              "transaction_date": "2024-01-22",
              "transaction_type": "Purchase",
              "trade_size_usd": "$50,001 - $100,000",
              "disclosed_at": "2024-01-27T10:40:00Z"
            }
          ]
        }
  recorded_at: Fri, 21 Sep 2024 17:30:09 GMT
- request:
    method: get
    uri: https://api.quiverquant.com/v1/congressional-trades?limit=1
    body:
      encoding: US-ASCII
      string: ''
    headers:
      Authorization:
      - Bearer <QUIVER_API_KEY>
      User-Agent:
      - QuiverQuant-RubyClient/1.0
      Content-Type:
      - application/x-www-form-urlencoded
  response:
    status:
      code: 200
      message: OK
    headers:
      Content-Type:
      - application/json; charset=utf-8
      Content-Length:
      - '389'
      Server:
      - nginx/1.18.0
      Date:
      - Fri, 21 Sep 2024 17:30:10 GMT
    body:
      encoding: UTF-8
      string: |
        {
          "data": [
            {
              "ticker": "DIS",
              "company": "The Walt Disney Company",
              "trader_name": "Patricia White",
              "trader_source": "congress",
              "transaction_date": "2024-01-18",
              "transaction_type": "Sale",
              "trade_size_usd": "$15,001 - $50,000",
              "disclosed_at": "2024-01-23T14:55:00Z"
            }
          ]
        }
  recorded_at: Fri, 21 Sep 2024 17:30:10 GMT
- request:
    method: get
    uri: https://api.quiverquant.com/v1/congressional-trades?limit=1
    body:
      encoding: US-ASCII
      string: ''
    headers:
      Authorization:
      - Bearer <QUIVER_API_KEY>
      User-Agent:
      - QuiverQuant-RubyClient/1.0
      Content-Type:
      - application/x-www-form-urlencoded
  response:
    status:
      code: 200
      message: OK
    headers:
      Content-Type:
      - application/json; charset=utf-8
      Content-Length:
      - '389'
      Server:
      - nginx/1.18.0
      Date:
      - Fri, 21 Sep 2024 17:30:11 GMT
    body:
      encoding: UTF-8
      string: |
        {
          "data": [
            {
              "ticker": "INTC",
              "company": "Intel Corporation",
              "trader_name": "James Wilson",
              "trader_source": "congress",
              "transaction_date": "2024-01-14",
              "transaction_type": "Purchase",
              "trade_size_usd": "$100,001 - $250,000",
              "disclosed_at": "2024-01-19T09:30:00Z"
            }
          ]
        }
  recorded_at: Fri, 21 Sep 2024 17:30:11 GMT
- request:
    method: get
    uri: https://api.quiverquant.com/v1/congressional-trades?limit=1
    body:
      encoding: US-ASCII
      string: ''
    headers:
      Authorization:
      - Bearer <QUIVER_API_KEY>
      User-Agent:
      - QuiverQuant-RubyClient/1.0
      Content-Type:
      - application/x-www-form-urlencoded
  response:
    status:
      code: 200
      message: OK
    headers:
      Content-Type:
      - application/json; charset=utf-8
      Content-Length:
      - '389'
      Server:
      - nginx/1.18.0
      Date:
      - Fri, 21 Sep 2024 17:30:12 GMT
    body:
      encoding: UTF-8
      string: |
        {
          "data": [
            {
              "ticker": "ORCL",
              "company": "Oracle Corporation",
              "trader_name": "Nancy Davis",
              "trader_source": "congress",
              "transaction_date": "2024-01-26",
              "transaction_type": "Sale",
              "trade_size_usd": "$250,001 - $500,000",
              "disclosed_at": "2024-01-31T16:45:00Z"
            }
          ]
        }
  recorded_at: Fri, 21 Sep 2024 17:30:12 GMT
recorded_with: VCR 6.3.1